// Jest Snapshot v1, https://goo.gl/fbAQLP

exports[`Pruebas en el <ListaProductos /> debe de mostrarse correctamente 1`] = `
<Fragment>
  <h3
    className="animate__animated animate__fadeIn"
  >
     
    <Component />
     
  </h3>
  <p
    className="animate__animated animate__flash"
  >
    Loading
  </p>
  <div
    className="card-grid"
  />
</Fragment>
`;
